
> testes@0.0.1 build
> nest build

node.exe : [96mancient_zeus.ts[0m
:[93m11[0m:[93m8[0m - 
[91merror[0m[90m TS2307: 
[0mCannot find module 
'./common.types' or its 
corresponding type declarations.
No C:\Program 
Files\nodejs\npm.ps1:29 caractere:3
+   & $NODE_EXE $NPM_CLI_JS $args
+   ~~~~~~~~~~~~~~~~~~~~~~~~~~~~~
    + CategoryInfo          : NotS 
   pecified: ([96mancient_ze...e  
   declarations.:String) [], Rem   
 oteException
    + FullyQualifiedErrorId : Nati 
   veCommandError
 

[7m11[0m } from './common.types';
[7m  [0m [91m       
~~~~~~~~~~~~~~~~[0m
[96mancient_zeus.ts[0m:[93m12[0
m:[93m35[0m - 
[91merror[0m[90m TS2307: 
[0mCannot find module 
'../../ai/ai.service' or its 
corresponding type declarations.

[7m12[0m import { Tick, 
DigitParity } from 
'../../ai/ai.service';
[7m  [0m [91m                   
               
~~~~~~~~~~~~~~~~~~~~~[0m
[96mancient_zeus.ts[0m:[93m13[0
m:[93m33[0m - 
[91merror[0m[90m TS2307: 
[0mCannot find module 
'../../utils/log-queue.service' or 
its corresponding type 
declarations.

[7m13[0m import { 
LogQueueService } from 
'../../utils/log-queue.service';
[7m  [0m [91m                   
             
~~~~~~~~~~~~~~~~~~~~~~~~~~~~~~~[0m
[96mancient_zeus.ts[0m:[93m190[
0m:[93m21[0m - 
[91merror[0m[90m TS2353: 
[0mObject literal may only 
specify known properties, and 
'userId' does not exist in type 
'ZeusUserConfig'.

[7m190[0m                     
userId: userId,
[7m   [0m [91m                  
  ~~~~~~[0m
[96mancient_zeus.ts[0m:[93m218[
0m:[93m13[0m - 
[91merror[0m[90m TS2353: 
[0mObject literal may only 
specify known properties, and 
'userId' does not exist in type 
'ZeusUserState'.

[7m218[0m             userId,
[7m   [0m [91m            
~~~~~~[0m
[96mancient_zeus.ts[0m:[93m260[
0m:[93m13[0m - 
[91merror[0m[90m TS2353: 
[0mObject literal may only 
specify known properties, and 
'userId' does not exist in type 
'ZeusUserConfig'.

[7m260[0m             userId: 
config.userId,
[7m   [0m [91m            
~~~~~~[0m
[96mancient_zeus.ts[0m:[93m280[
0m:[93m33[0m - 
[91merror[0m[90m TS2339: 
[0mProperty 'isActive' does not 
exist on type 'ZeusUserState'.

[7m280[0m             if (state 
&& !state.isActive) {
[7m   [0m [91m                  
              ~~~~~~~~[0m
[96mancient_zeus.ts[0m:[93m281[
0m:[93m23[0m - 
[91merror[0m[90m TS2339: 
[0mProperty 'isActive' does not 
exist on type 'ZeusUserState'.

[7m281[0m                 
state.isActive = true;
[7m   [0m [91m                  
    ~~~~~~~~[0m
[96mancient_zeus.ts[0m:[93m290[
0m:[93m42[0m - 
[91merror[0m[90m TS2339: 
[0mProperty 'dailyProfitTarget' 
does not exist on type 
'ZeusUserConfig'.

[7m290[0m                 
profitTarget: 
ZeusConfig.dailyProfitTarget,
[7m   [0m [91m                  
                       
~~~~~~~~~~~~~~~~~[0m
[96mancient_zeus.ts[0m:[93m292[
0m:[93m38[0m - 
[91merror[0m[90m TS2339: 
[0mProperty 'dailyLossLimit' does 
not exist on type 'ZeusUserConfig'.

[7m292[0m                 
stopLoss: 
ZeusConfig.dailyLossLimit,
[7m   [0m [91m                  
                   
~~~~~~~~~~~~~~[0m
[96mancient_zeus.ts[0m:[93m299[
0m:[93m42[0m - 
[91merror[0m[90m TS2339: 
[0mProperty 'dailyProfitTarget' 
does not exist on type 
'ZeusUserConfig'.

[7m299[0m                 
profitTarget: 
ZeusConfig.dailyProfitTarget,
[7m   [0m [91m                  
                       
~~~~~~~~~~~~~~~~~[0m
[96mancient_zeus.ts[0m:[93m300[
0m:[93m38[0m - 
[91merror[0m[90m TS2339: 
[0mProperty 'dailyLossLimit' does 
not exist on type 'ZeusUserConfig'.

[7m300[0m                 
stopLoss: 
ZeusConfig.dailyLossLimit,
[7m   [0m [91m                  
                   
~~~~~~~~~~~~~~[0m
[96mancient_zeus.ts[0m:[93m315[
0m:[93m52[0m - 
[91merror[0m[90m TS2339: 
[0mProperty 'derivToken' does not 
exist on type 'ZeusUserConfig'.

[7m315[0m             await this.
warmUpConnection(ZeusConfig.derivTo
ken);
[7m   [0m [91m                  
                                 
~~~~~~~~~~[0m
[96mancient_zeus.ts[0m:[93m331[
0m:[93m38[0m - 
[91merror[0m[90m TS2339: 
[0mProperty 'dailyProfitTarget' 
does not exist on type 
'ZeusUserConfig'.

[7m331[0m             
profitTarget: 
ZeusConfig.dailyProfitTarget,
[7m   [0m [91m                  
                   
~~~~~~~~~~~~~~~~~[0m
[96mancient_zeus.ts[0m:[93m332[
0m:[93m34[0m - 
[91merror[0m[90m TS2339: 
[0mProperty 'dailyLossLimit' does 
not exist on type 'ZeusUserConfig'.

[7m332[0m             stopLoss: 
ZeusConfig.dailyLossLimit,
[7m   [0m [91m                  
               ~~~~~~~~~~~~~~[0m
[96mancient_zeus.ts[0m:[93m339[
0m:[93m38[0m - 
[91merror[0m[90m TS2339: 
[0mProperty 'dailyProfitTarget' 
does not exist on type 
'ZeusUserConfig'.

[7m339[0m             
profitTarget: 
ZeusConfig.dailyProfitTarget,
[7m   [0m [91m                  
                   
~~~~~~~~~~~~~~~~~[0m
[96mancient_zeus.ts[0m:[93m340[
0m:[93m34[0m - 
[91merror[0m[90m TS2339: 
[0mProperty 'dailyLossLimit' does 
not exist on type 'ZeusUserConfig'.

[7m340[0m             stopLoss: 
ZeusConfig.dailyLossLimit,
[7m   [0m [91m                  
               ~~~~~~~~~~~~~~[0m
[96mancient_zeus.ts[0m:[93m345[
0m:[93m87[0m - 
[91merror[0m[90m TS2339: 
[0mProperty 'symbol' does not 
exist on type 'ZeusUserConfig'.

[7m345[0m         
this.logger.log(`[Zeus] ├ö┬ú├á 
UsuÔö£├¡rio ${userId} ativado | 
Symbol: ${ZeusConfig.symbol} | 
Total configs: 
${this.userConfigs.size}`);
[7m   [0m [91m                  
                                   
                                 
~~~~~~[0m
[96mancient_zeus.ts[0m:[93m378[
0m:[93m39[0m - 
[91merror[0m[90m TS2339: 
[0mProperty 'symbol' does not 
exist on type 'ZeusUserConfig'.

[7m378[0m             if 
(tickSymbol === config.symbol) {
[7m   [0m [91m                  
                    ~~~~~~[0m
[96mancient_zeus.ts[0m:[93m395[
0m:[93m41[0m - 
[91merror[0m[90m TS2339: 
[0mProperty 'isActive' does not 
exist on type 'ZeusUserState'.

[7m395[0m         if (!config || 
!state || !state.isActive) {
[7m   [0m [91m                  
                      ~~~~~~~~[0m
[96mancient_zeus.ts[0m:[93m732[
0m:[93m41[0m - 
[91merror[0m[90m TS2339: 
[0mProperty 'isActive' does not 
exist on type 'ZeusUserState'.

[7m732[0m         if (!config || 
!state || !state.isActive) {
[7m   [0m [91m                  
                      ~~~~~~~~[0m
[96mancient_zeus.ts[0m:[93m742[
0m:[93m40[0m - 
[91merror[0m[90m TS2339: 
[0mProperty 'dailyProfitTarget' 
does not exist on type 
'ZeusUserConfig'.

[7m742[0m         if 
(state.lucroAtual >= 
config.dailyProfitTarget) {
[7m   [0m [91m                  
                     
~~~~~~~~~~~~~~~~~[0m
[96mancient_zeus.ts[0m:[93m976[
0m:[93m43[0m - 
[91merror[0m[90m TS2339: 
[0mProperty 'initialStake' does 
not exist on type 'ZeusUserConfig'.

[7m976[0m                 const 
sorosStake = config.initialStake + 
(state.lastProfit > 0 ? 
state.lastProfit : 0);
[7m   [0m [91m                  
                        
~~~~~~~~~~~~[0m
[96mancient_zeus.ts[0m:[93m977[
0m:[93m84[0m - 
[91merror[0m[90m TS2339: 
[0mProperty 'initialStake' does 
not exist on type 'ZeusUserConfig'.

[7m977[0m                 
this.logger.log(`[Zeus][${userId}] 
┬¡ãÆ├£├ç CALCULANDO SOROS: 
${config.initialStake.toFixed(2)} 
+ ${state.lastProfit.toFixed(2)} = 
${sorosStake.toFixed(2)}`);
[7m   [0m [91m                  
                                   
                              
~~~~~~~~~~~~[0m
[96mancient_zeus.ts[0m:[93m980[
0m:[93m27[0m - 
[91merror[0m[90m TS2339: 
[0mProperty 'initialStake' does 
not exist on type 'ZeusUserConfig'.

[7m980[0m             return 
config.initialStake;
[7m   [0m [91m                  
        ~~~~~~~~~~~~[0m
[96mancient_zeus.ts[0m:[93m1000
[0m:[93m27[0m - 
[91merror[0m[90m TS2339: 
[0mProperty 'initialStake' does 
not exist on type 'ZeusUserConfig'.

[7m1000[0m             return 
config.initialStake;
[7m    [0m [91m                 
         ~~~~~~~~~~~~[0m
[96mancient_zeus.ts[0m:[93m1043
[0m:[93m39[0m - 
[91merror[0m[90m TS2339: 
[0mProperty 'dailyLossLimit' does 
not exist on type 'ZeusUserConfig'.

[7m1043[0m         if 
(currentDrawdown >= 
config.dailyLossLimit) {
[7m    [0m [91m                 
                     
~~~~~~~~~~~~~~[0m
[96mancient_zeus.ts[0m:[93m1048
[0m:[93m46[0m - 
[91merror[0m[90m TS2339: 
[0mProperty 'dailyLossLimit' does 
not exist on type 'ZeusUserConfig'.

[7m1048[0m         if 
(currentDrawdown + stake > 
config.dailyLossLimit) {
[7m    [0m [91m                 
                            
~~~~~~~~~~~~~~[0m
[96mancient_zeus.ts[0m:[93m1049
[0m:[93m38[0m - 
[91merror[0m[90m TS2339: 
[0mProperty 'dailyLossLimit' does 
not exist on type 'ZeusUserConfig'.

[7m1049[0m             const 
remaining = config.dailyLossLimit 
- currentDrawdown;
[7m    [0m [91m                 
                    
~~~~~~~~~~~~~~[0m
[96mancient_zeus.ts[0m:[93m1061
[0m:[93m131[0m - 
[91merror[0m[90m TS2339: 
[0mProperty 'dailyLossLimit' does 
not exist on type 'ZeusUserConfig'.

[7m1061[0m                 
`Risco de ultrapassar Stop Loss! pe
rdas=${currentDrawdown.toFixed(2)},
 stake=${stake.toFixed(2)}, limite=
${config.dailyLossLimit.toFixed(2)}
. Ajustando para 
${adjustedStake.toFixed(2)}`);
[7m    [0m [91m                 
                                   
                                   
                                   
        ~~~~~~~~~~~~~~[0m
[96mancient_zeus.ts[0m:[93m1075
[0m:[93m48[0m - 
[91merror[0m[90m TS2339: 
[0mProperty 'dailyProfitTarget' 
does not exist on type 
'ZeusUserConfig'.

[7m1075[0m                 if 
(state.lucroAtual >= 
config.dailyProfitTarget * 0.40) {
[7m    [0m [91m                 
                              
~~~~~~~~~~~~~~~~~[0m
[96mancient_zeus.ts[0m:[93m1103
[0m:[93m27[0m - 
[91merror[0m[90m TS2339: 
[0mProperty 'isActive' does not 
exist on type 'ZeusUserState'.

[7m1103[0m                     
state.isActive = false; // Pausa 
em memÔö£Ôöéria
[7m    [0m [91m                 
         ~~~~~~~~[0m
[96mancient_zeus.ts[0m:[93m1183
[0m:[93m59[0m - 
[91merror[0m[90m TS2339: 
[0mProperty 'initialStake' does 
not exist on type 'ZeusUserConfig'.

[7m1183[0m                     
stakeAmount: decision.stake || 
config.initialStake,
[7m    [0m [91m                 
                                   
      ~~~~~~~~~~~~[0m
[96mancient_zeus.ts[0m:[93m1194
[0m:[93m24[0m - 
[91merror[0m[90m TS2339: 
[0mProperty 'derivToken' does not 
exist on type 'ZeusUserConfig'.

[7m1194[0m                 
config.derivToken,
[7m    [0m [91m                 
      ~~~~~~~~~~[0m
[96mancient_zeus.ts[0m:[93m1196
[0m:[93m24[0m - 
[91merror[0m[90m TS2339: 
[0mProperty 'symbol' does not 
exist on type 'ZeusUserConfig'.

[7m1196[0m                 
config.symbol,
[7m    [0m [91m                 
      ~~~~~~[0m
[96mancient_zeus.ts[0m:[93m1197
[0m:[93m42[0m - 
[91merror[0m[90m TS2339: 
[0mProperty 'initialStake' does 
not exist on type 'ZeusUserConfig'.

[7m1197[0m                 
decision.stake || 
config.initialStake,
[7m    [0m [91m                 
                        
~~~~~~~~~~~~[0m
[96mancient_zeus.ts[0m:[93m1217
[0m:[93m100[0m - 
[91merror[0m[90m TS2339: 
[0mProperty 'initialStake' does 
not exist on type 'ZeusUserConfig'.

[7m1217[0m                     
`├ö├£├¡ ENTRADA CONFIRMADA: 
${contractType} | Valor: 
$${(decision.stake || 
config.initialStake).toFixed(2)} | 
NÔö£┬ível: 
M${state.martingaleLevel}`,
[7m    [0m [91m                 
                                   
                                   
            ~~~~~~~~~~~~[0m
[96mancient_zeus.ts[0m:[93m1584
[0m:[93m15[0m - 
[91merror[0m[90m TS2339: 
[0mProperty 'operationsCount' 
does not exist on type 
'ZeusUserState'.

[7m1584[0m         
state.operationsCount++;
[7m    [0m [91m              
~~~~~~~~~~~~~~~[0m
[96mancient_zeus.ts[0m:[93m1587
[0m:[93m15[0m - 
[91merror[0m[90m TS2339: 
[0mProperty 'currentProfit' does 
not exist on type 'ZeusUserState'.

[7m1587[0m         
state.currentProfit = 
state.lucroAtual > 0 ? 
state.lucroAtual : 0;
[7m    [0m [91m              
~~~~~~~~~~~~~[0m
[96mancient_zeus.ts[0m:[93m1588
[0m:[93m15[0m - 
[91merror[0m[90m TS2339: 
[0mProperty 'currentLoss' does 
not exist on type 'ZeusUserState'.

[7m1588[0m         
state.currentLoss = 
state.lucroAtual < 0 ? 
Math.abs(state.lucroAtual) : 0;
[7m    [0m [91m              
~~~~~~~~~~~[0m
[96mancient_zeus.ts[0m:[93m1612
[0m:[93m40[0m - 
[91merror[0m[90m TS2339: 
[0mProperty 'dailyProfitTarget' 
does not exist on type 
'ZeusUserConfig'.

[7m1612[0m         if 
(state.lucroAtual >= 
config.dailyProfitTarget) {
[7m    [0m [91m                 
                      
~~~~~~~~~~~~~~~~~[0m
[96mancient_zeus.ts[0m:[93m1614
[0m:[93m48[0m - 
[91merror[0m[90m TS2339: 
[0mProperty 'dailyLossLimit' does 
not exist on type 'ZeusUserConfig'.

[7m1614[0m         } else if 
(state.lucroAtual <= 
-config.dailyLossLimit) {
[7m    [0m [91m                 
                              
~~~~~~~~~~~~~~[0m
[96mancient_zeus.ts[0m:[93m1636
[0m:[93m113[0m - 
[91merror[0m[90m TS2339: 
[0mProperty 'dailyProfitTarget' 
does not exist on type 
'ZeusUserConfig'.

[7m1636[0m                 
message = `META DE LUCRO ATINGIDA! 
daily_profit=${state.lucroAtual.toF
ixed(2)}, target=${config.dailyProf
itTarget.toFixed(2)}. Encerrando 
operaÔö£┬║Ôö£├ües.`;
[7m    [0m [91m                 
                                   
                                   
                         
~~~~~~~~~~~~~~~~~[0m
[96mancient_zeus.ts[0m:[93m1640
[0m:[93m130[0m - 
[91merror[0m[90m TS2339: 
[0mProperty 'dailyLossLimit' does 
not exist on type 'ZeusUserConfig'.

[7m1640[0m                 
message = `STOP LOSS ATINGIDO! 
daily_loss=${Math.abs(Math.min(0, 
state.lucroAtual)).toFixed(2)}, lim
ite=${config.dailyLossLimit.toFixed
(2)}. Encerrando 
operaÔö£┬║Ôö£├ües.`;
[7m    [0m [91m                 
                                   
                                   
                                   
       ~~~~~~~~~~~~~~[0m
[96mancient_zeus.ts[0m:[93m1653
[0m:[93m15[0m - 
[91merror[0m[90m TS2339: 
[0mProperty 'isActive' does not 
exist on type 'ZeusUserState'.

[7m1653[0m         
state.isActive = false;
[7m    [0m [91m              
~~~~~~~~[0m
[96mancient_zeus.ts[0m:[93m1717
[0m:[93m28[0m - 
[91merror[0m[90m TS2339: 
[0mProperty 'symbol' does not 
exist on type 'ZeusUserConfig'.

[7m1717[0m                     
config.symbol || 'R_100',
[7m    [0m [91m                 
          ~~~~~~[0m
[96mancient_zeus.ts[0m:[93m1868
[0m:[93m66[0m - 
[91merror[0m[90m TS2339: 
[0mProperty 'symbol' does not 
exist on type 'ZeusUserConfig'.

[7m1868[0m                 
details: { symbol: this.userConfigs
.get(userId)?.symbol || 'R_100' },
[7m    [0m [91m                 
                                   
             ~~~~~~[0m
[96mancient_zeus.ts[0m:[93m1896
[0m:[93m27[0m - 
[91merror[0m[90m TS2339: 
[0mProperty 'userId' does not 
exist on type 'ZeusUserState'.

[7m1896[0m             userId: 
state.userId,
[7m    [0m [91m                 
         ~~~~~~[0m
[96mancient_zeus.ts[0m:[93m1897
[0m:[93m29[0m - 
[91merror[0m[90m TS2339: 
[0mProperty 'isActive' does not 
exist on type 'ZeusUserState'.

[7m1897[0m             isActive: 
state.isActive,
[7m    [0m [91m                 
           ~~~~~~~~[0m
[96mancient_zeus_utf8.ts[0m:[93m
11[0m:[93m8[0m - 
[91merror[0m[90m TS2307: 
[0mCannot find module 
'./common.types' or its 
corresponding type declarations.

[7m11[0m } from './common.types';
[7m  [0m [91m       
~~~~~~~~~~~~~~~~[0m
[96mancient_zeus_utf8.ts[0m:[93m
12[0m:[93m35[0m - 
[91merror[0m[90m TS2307: 
[0mCannot find module 
'../../ai/ai.service' or its 
corresponding type declarations.

[7m12[0m import { Tick, 
DigitParity } from 
'../../ai/ai.service';
[7m  [0m [91m                   
               
~~~~~~~~~~~~~~~~~~~~~[0m
[96mancient_zeus_utf8.ts[0m:[93m
13[0m:[93m33[0m - 
[91merror[0m[90m TS2307: 
[0mCannot find module 
'../../utils/log-queue.service' or 
its corresponding type 
declarations.

[7m13[0m import { 
LogQueueService } from 
'../../utils/log-queue.service';
[7m  [0m [91m                   
             
~~~~~~~~~~~~~~~~~~~~~~~~~~~~~~~[0m
[96mancient_zeus_utf8.ts[0m:[93m
190[0m:[93m21[0m - 
[91merror[0m[90m TS2353: 
[0mObject literal may only 
specify known properties, and 
'userId' does not exist in type 
'ZeusUserConfig'.

[7m190[0m                     
userId: userId,
[7m   [0m [91m                  
  ~~~~~~[0m
[96mancient_zeus_utf8.ts[0m:[93m
218[0m:[93m13[0m - 
[91merror[0m[90m TS2353: 
[0mObject literal may only 
specify known properties, and 
'userId' does not exist in type 
'ZeusUserState'.

[7m218[0m             userId,
[7m   [0m [91m            
~~~~~~[0m
[96mancient_zeus_utf8.ts[0m:[93m
260[0m:[93m13[0m - 
[91merror[0m[90m TS2353: 
[0mObject literal may only 
specify known properties, and 
'userId' does not exist in type 
'ZeusUserConfig'.

[7m260[0m             userId: 
config.userId,
[7m   [0m [91m            
~~~~~~[0m
[96mancient_zeus_utf8.ts[0m:[93m
280[0m:[93m33[0m - 
[91merror[0m[90m TS2339: 
[0mProperty 'isActive' does not 
exist on type 'ZeusUserState'.

[7m280[0m             if (state 
&& !state.isActive) {
[7m   [0m [91m                  
              ~~~~~~~~[0m
[96mancient_zeus_utf8.ts[0m:[93m
281[0m:[93m23[0m - 
[91merror[0m[90m TS2339: 
[0mProperty 'isActive' does not 
exist on type 'ZeusUserState'.

[7m281[0m                 
state.isActive = true;
[7m   [0m [91m                  
    ~~~~~~~~[0m
[96mancient_zeus_utf8.ts[0m:[93m
290[0m:[93m42[0m - 
[91merror[0m[90m TS2339: 
[0mProperty 'dailyProfitTarget' 
does not exist on type 
'ZeusUserConfig'.

[7m290[0m                 
profitTarget: 
ZeusConfig.dailyProfitTarget,
[7m   [0m [91m                  
                       
~~~~~~~~~~~~~~~~~[0m
[96mancient_zeus_utf8.ts[0m:[93m
292[0m:[93m38[0m - 
[91merror[0m[90m TS2339: 
[0mProperty 'dailyLossLimit' does 
not exist on type 'ZeusUserConfig'.

[7m292[0m                 
stopLoss: 
ZeusConfig.dailyLossLimit,
[7m   [0m [91m                  
                   
~~~~~~~~~~~~~~[0m
[96mancient_zeus_utf8.ts[0m:[93m
299[0m:[93m42[0m - 
[91merror[0m[90m TS2339: 
[0mProperty 'dailyProfitTarget' 
does not exist on type 
'ZeusUserConfig'.

[7m299[0m                 
profitTarget: 
ZeusConfig.dailyProfitTarget,
[7m   [0m [91m                  
                       
~~~~~~~~~~~~~~~~~[0m
[96mancient_zeus_utf8.ts[0m:[93m
300[0m:[93m38[0m - 
[91merror[0m[90m TS2339: 
[0mProperty 'dailyLossLimit' does 
not exist on type 'ZeusUserConfig'.

[7m300[0m                 
stopLoss: 
ZeusConfig.dailyLossLimit,
[7m   [0m [91m                  
                   
~~~~~~~~~~~~~~[0m
[96mancient_zeus_utf8.ts[0m:[93m
315[0m:[93m52[0m - 
[91merror[0m[90m TS2339: 
[0mProperty 'derivToken' does not 
exist on type 'ZeusUserConfig'.

[7m315[0m             await this.
warmUpConnection(ZeusConfig.derivTo
ken);
[7m   [0m [91m                  
                                 
~~~~~~~~~~[0m
[96mancient_zeus_utf8.ts[0m:[93m
331[0m:[93m38[0m - 
[91merror[0m[90m TS2339: 
[0mProperty 'dailyProfitTarget' 
does not exist on type 
'ZeusUserConfig'.

[7m331[0m             
profitTarget: 
ZeusConfig.dailyProfitTarget,
[7m   [0m [91m                  
                   
~~~~~~~~~~~~~~~~~[0m
[96mancient_zeus_utf8.ts[0m:[93m
332[0m:[93m34[0m - 
[91merror[0m[90m TS2339: 
[0mProperty 'dailyLossLimit' does 
not exist on type 'ZeusUserConfig'.

[7m332[0m             stopLoss: 
ZeusConfig.dailyLossLimit,
[7m   [0m [91m                  
               ~~~~~~~~~~~~~~[0m
[96mancient_zeus_utf8.ts[0m:[93m
339[0m:[93m38[0m - 
[91merror[0m[90m TS2339: 
[0mProperty 'dailyProfitTarget' 
does not exist on type 
'ZeusUserConfig'.

[7m339[0m             
profitTarget: 
ZeusConfig.dailyProfitTarget,
[7m   [0m [91m                  
                   
~~~~~~~~~~~~~~~~~[0m
[96mancient_zeus_utf8.ts[0m:[93m
340[0m:[93m34[0m - 
[91merror[0m[90m TS2339: 
[0mProperty 'dailyLossLimit' does 
not exist on type 'ZeusUserConfig'.

[7m340[0m             stopLoss: 
ZeusConfig.dailyLossLimit,
[7m   [0m [91m                  
               ~~~~~~~~~~~~~~[0m
[96mancient_zeus_utf8.ts[0m:[93m
345[0m:[93m87[0m - 
[91merror[0m[90m TS2339: 
[0mProperty 'symbol' does not 
exist on type 'ZeusUserConfig'.

[7m345[0m         
this.logger.log(`[Zeus] ├ö┬ú├á 
UsuÔö£├¡rio ${userId} ativado | 
Symbol: ${ZeusConfig.symbol} | 
Total configs: 
${this.userConfigs.size}`);
[7m   [0m [91m                  
                                   
                                 
~~~~~~[0m
[96mancient_zeus_utf8.ts[0m:[93m
378[0m:[93m39[0m - 
[91merror[0m[90m TS2339: 
[0mProperty 'symbol' does not 
exist on type 'ZeusUserConfig'.

[7m378[0m             if 
(tickSymbol === config.symbol) {
[7m   [0m [91m                  
                    ~~~~~~[0m
[96mancient_zeus_utf8.ts[0m:[93m
395[0m:[93m41[0m - 
[91merror[0m[90m TS2339: 
[0mProperty 'isActive' does not 
exist on type 'ZeusUserState'.

[7m395[0m         if (!config || 
!state || !state.isActive) {
[7m   [0m [91m                  
                      ~~~~~~~~[0m
[96mancient_zeus_utf8.ts[0m:[93m
732[0m:[93m41[0m - 
[91merror[0m[90m TS2339: 
[0mProperty 'isActive' does not 
exist on type 'ZeusUserState'.

[7m732[0m         if (!config || 
!state || !state.isActive) {
[7m   [0m [91m                  
                      ~~~~~~~~[0m
[96mancient_zeus_utf8.ts[0m:[93m
742[0m:[93m40[0m - 
[91merror[0m[90m TS2339: 
[0mProperty 'dailyProfitTarget' 
does not exist on type 
'ZeusUserConfig'.

[7m742[0m         if 
(state.lucroAtual >= 
config.dailyProfitTarget) {
[7m   [0m [91m                  
                     
~~~~~~~~~~~~~~~~~[0m
[96mancient_zeus_utf8.ts[0m:[93m
976[0m:[93m43[0m - 
[91merror[0m[90m TS2339: 
[0mProperty 'initialStake' does 
not exist on type 'ZeusUserConfig'.

[7m976[0m                 const 
sorosStake = config.initialStake + 
(state.lastProfit > 0 ? 
state.lastProfit : 0);
[7m   [0m [91m                  
                        
~~~~~~~~~~~~[0m
[96mancient_zeus_utf8.ts[0m:[93m
977[0m:[93m84[0m - 
[91merror[0m[90m TS2339: 
[0mProperty 'initialStake' does 
not exist on type 'ZeusUserConfig'.

[7m977[0m                 
this.logger.log(`[Zeus][${userId}] 
┬¡ãÆ├£├ç CALCULANDO SOROS: 
${config.initialStake.toFixed(2)} 
+ ${state.lastProfit.toFixed(2)} = 
${sorosStake.toFixed(2)}`);
[7m   [0m [91m                  
                                   
                              
~~~~~~~~~~~~[0m
[96mancient_zeus_utf8.ts[0m:[93m
980[0m:[93m27[0m - 
[91merror[0m[90m TS2339: 
[0mProperty 'initialStake' does 
not exist on type 'ZeusUserConfig'.

[7m980[0m             return 
config.initialStake;
[7m   [0m [91m                  
        ~~~~~~~~~~~~[0m
[96mancient_zeus_utf8.ts[0m:[93m
1000[0m:[93m27[0m - 
[91merror[0m[90m TS2339: 
[0mProperty 'initialStake' does 
not exist on type 'ZeusUserConfig'.

[7m1000[0m             return 
config.initialStake;
[7m    [0m [91m                 
         ~~~~~~~~~~~~[0m
[96mancient_zeus_utf8.ts[0m:[93m
1043[0m:[93m39[0m - 
[91merror[0m[90m TS2339: 
[0mProperty 'dailyLossLimit' does 
not exist on type 'ZeusUserConfig'.

[7m1043[0m         if 
(currentDrawdown >= 
config.dailyLossLimit) {
[7m    [0m [91m                 
                     
~~~~~~~~~~~~~~[0m
[96mancient_zeus_utf8.ts[0m:[93m
1048[0m:[93m46[0m - 
[91merror[0m[90m TS2339: 
[0mProperty 'dailyLossLimit' does 
not exist on type 'ZeusUserConfig'.

[7m1048[0m         if 
(currentDrawdown + stake > 
config.dailyLossLimit) {
[7m    [0m [91m                 
                            
~~~~~~~~~~~~~~[0m
[96mancient_zeus_utf8.ts[0m:[93m
1049[0m:[93m38[0m - 
[91merror[0m[90m TS2339: 
[0mProperty 'dailyLossLimit' does 
not exist on type 'ZeusUserConfig'.

[7m1049[0m             const 
remaining = config.dailyLossLimit 
- currentDrawdown;
[7m    [0m [91m                 
                    
~~~~~~~~~~~~~~[0m
[96mancient_zeus_utf8.ts[0m:[93m
1061[0m:[93m131[0m - 
[91merror[0m[90m TS2339: 
[0mProperty 'dailyLossLimit' does 
not exist on type 'ZeusUserConfig'.

[7m1061[0m                 
`Risco de ultrapassar Stop Loss! pe
rdas=${currentDrawdown.toFixed(2)},
 stake=${stake.toFixed(2)}, limite=
${config.dailyLossLimit.toFixed(2)}
. Ajustando para 
${adjustedStake.toFixed(2)}`);
[7m    [0m [91m                 
                                   
                                   
                                   
        ~~~~~~~~~~~~~~[0m
[96mancient_zeus_utf8.ts[0m:[93m
1075[0m:[93m48[0m - 
[91merror[0m[90m TS2339: 
[0mProperty 'dailyProfitTarget' 
does not exist on type 
'ZeusUserConfig'.

[7m1075[0m                 if 
(state.lucroAtual >= 
config.dailyProfitTarget * 0.40) {
[7m    [0m [91m                 
                              
~~~~~~~~~~~~~~~~~[0m
[96mancient_zeus_utf8.ts[0m:[93m
1103[0m:[93m27[0m - 
[91merror[0m[90m TS2339: 
[0mProperty 'isActive' does not 
exist on type 'ZeusUserState'.

[7m1103[0m                     
state.isActive = false; // Pausa 
em memÔö£Ôöéria
[7m    [0m [91m                 
         ~~~~~~~~[0m
[96mancient_zeus_utf8.ts[0m:[93m
1183[0m:[93m59[0m - 
[91merror[0m[90m TS2339: 
[0mProperty 'initialStake' does 
not exist on type 'ZeusUserConfig'.

[7m1183[0m                     
stakeAmount: decision.stake || 
config.initialStake,
[7m    [0m [91m                 
                                   
      ~~~~~~~~~~~~[0m
[96mancient_zeus_utf8.ts[0m:[93m
1194[0m:[93m24[0m - 
[91merror[0m[90m TS2339: 
[0mProperty 'derivToken' does not 
exist on type 'ZeusUserConfig'.

[7m1194[0m                 
config.derivToken,
[7m    [0m [91m                 
      ~~~~~~~~~~[0m
[96mancient_zeus_utf8.ts[0m:[93m
1196[0m:[93m24[0m - 
[91merror[0m[90m TS2339: 
[0mProperty 'symbol' does not 
exist on type 'ZeusUserConfig'.

[7m1196[0m                 
config.symbol,
[7m    [0m [91m                 
      ~~~~~~[0m
[96mancient_zeus_utf8.ts[0m:[93m
1197[0m:[93m42[0m - 
[91merror[0m[90m TS2339: 
[0mProperty 'initialStake' does 
not exist on type 'ZeusUserConfig'.

[7m1197[0m                 
decision.stake || 
config.initialStake,
[7m    [0m [91m                 
                        
~~~~~~~~~~~~[0m
[96mancient_zeus_utf8.ts[0m:[93m
1217[0m:[93m100[0m - 
[91merror[0m[90m TS2339: 
[0mProperty 'initialStake' does 
not exist on type 'ZeusUserConfig'.

[7m1217[0m                     
`├ö├£├¡ ENTRADA CONFIRMADA: 
${contractType} | Valor: 
$${(decision.stake || 
config.initialStake).toFixed(2)} | 
NÔö£┬ível: 
M${state.martingaleLevel}`,
[7m    [0m [91m                 
                                   
                                   
            ~~~~~~~~~~~~[0m
[96mancient_zeus_utf8.ts[0m:[93m
1584[0m:[93m15[0m - 
[91merror[0m[90m TS2339: 
[0mProperty 'operationsCount' 
does not exist on type 
'ZeusUserState'.

[7m1584[0m         
state.operationsCount++;
[7m    [0m [91m              
~~~~~~~~~~~~~~~[0m
[96mancient_zeus_utf8.ts[0m:[93m
1587[0m:[93m15[0m - 
[91merror[0m[90m TS2339: 
[0mProperty 'currentProfit' does 
not exist on type 'ZeusUserState'.

[7m1587[0m         
state.currentProfit = 
state.lucroAtual > 0 ? 
state.lucroAtual : 0;
[7m    [0m [91m              
~~~~~~~~~~~~~[0m
[96mancient_zeus_utf8.ts[0m:[93m
1588[0m:[93m15[0m - 
[91merror[0m[90m TS2339: 
[0mProperty 'currentLoss' does 
not exist on type 'ZeusUserState'.

[7m1588[0m         
state.currentLoss = 
state.lucroAtual < 0 ? 
Math.abs(state.lucroAtual) : 0;
[7m    [0m [91m              
~~~~~~~~~~~[0m
[96mancient_zeus_utf8.ts[0m:[93m
1612[0m:[93m40[0m - 
[91merror[0m[90m TS2339: 
[0mProperty 'dailyProfitTarget' 
does not exist on type 
'ZeusUserConfig'.

[7m1612[0m         if 
(state.lucroAtual >= 
config.dailyProfitTarget) {
[7m    [0m [91m                 
                      
~~~~~~~~~~~~~~~~~[0m
[96mancient_zeus_utf8.ts[0m:[93m
1614[0m:[93m48[0m - 
[91merror[0m[90m TS2339: 
[0mProperty 'dailyLossLimit' does 
not exist on type 'ZeusUserConfig'.

[7m1614[0m         } else if 
(state.lucroAtual <= 
-config.dailyLossLimit) {
[7m    [0m [91m                 
                              
~~~~~~~~~~~~~~[0m
[96mancient_zeus_utf8.ts[0m:[93m
1636[0m:[93m113[0m - 
[91merror[0m[90m TS2339: 
[0mProperty 'dailyProfitTarget' 
does not exist on type 
'ZeusUserConfig'.

[7m1636[0m                 
message = `META DE LUCRO ATINGIDA! 
daily_profit=${state.lucroAtual.toF
ixed(2)}, target=${config.dailyProf
itTarget.toFixed(2)}. Encerrando 
operaÔö£┬║Ôö£├ües.`;
[7m    [0m [91m                 
                                   
                                   
                         
~~~~~~~~~~~~~~~~~[0m
[96mancient_zeus_utf8.ts[0m:[93m
1640[0m:[93m130[0m - 
[91merror[0m[90m TS2339: 
[0mProperty 'dailyLossLimit' does 
not exist on type 'ZeusUserConfig'.

[7m1640[0m                 
message = `STOP LOSS ATINGIDO! 
daily_loss=${Math.abs(Math.min(0, 
state.lucroAtual)).toFixed(2)}, lim
ite=${config.dailyLossLimit.toFixed
(2)}. Encerrando 
operaÔö£┬║Ôö£├ües.`;
[7m    [0m [91m                 
                                   
                                   
                                   
       ~~~~~~~~~~~~~~[0m
[96mancient_zeus_utf8.ts[0m:[93m
1653[0m:[93m15[0m - 
[91merror[0m[90m TS2339: 
[0mProperty 'isActive' does not 
exist on type 'ZeusUserState'.

[7m1653[0m         
state.isActive = false;
[7m    [0m [91m              
~~~~~~~~[0m
[96mancient_zeus_utf8.ts[0m:[93m
1717[0m:[93m28[0m - 
[91merror[0m[90m TS2339: 
[0mProperty 'symbol' does not 
exist on type 'ZeusUserConfig'.

[7m1717[0m                     
config.symbol || 'R_100',
[7m    [0m [91m                 
          ~~~~~~[0m
[96mancient_zeus_utf8.ts[0m:[93m
1868[0m:[93m66[0m - 
[91merror[0m[90m TS2339: 
[0mProperty 'symbol' does not 
exist on type 'ZeusUserConfig'.

[7m1868[0m                 
details: { symbol: this.userConfigs
.get(userId)?.symbol || 'R_100' },
[7m    [0m [91m                 
                                   
             ~~~~~~[0m
[96mancient_zeus_utf8.ts[0m:[93m
1896[0m:[93m27[0m - 
[91merror[0m[90m TS2339: 
[0mProperty 'userId' does not 
exist on type 'ZeusUserState'.

[7m1896[0m             userId: 
state.userId,
[7m    [0m [91m                 
         ~~~~~~[0m
[96mancient_zeus_utf8.ts[0m:[93m
1897[0m:[93m29[0m - 
[91merror[0m[90m TS2339: 
[0mProperty 'isActive' does not 
exist on type 'ZeusUserState'.

[7m1897[0m             isActive: 
state.isActive,
[7m    [0m [91m                 
           ~~~~~~~~[0m
[96mold_zeus.ts[0m:[93m11[0m:[
93m8[0m - [91merror[0m[90m 
TS2307: [0mCannot find module 
'./common.types' or its 
corresponding type declarations.

[7m11[0m } from './common.types';
[7m  [0m [91m       
~~~~~~~~~~~~~~~~[0m
[96mold_zeus.ts[0m:[93m12[0m:[
93m35[0m - [91merror[0m[90m 
TS2307: [0mCannot find module 
'../../ai/ai.service' or its 
corresponding type declarations.

[7m12[0m import { Tick, 
DigitParity } from 
'../../ai/ai.service';
[7m  [0m [91m                   
               
~~~~~~~~~~~~~~~~~~~~~[0m
[96mold_zeus.ts[0m:[93m13[0m:[
93m33[0m - [91merror[0m[90m 
TS2307: [0mCannot find module 
'../../utils/log-queue.service' or 
its corresponding type 
declarations.

[7m13[0m import { 
LogQueueService } from 
'../../utils/log-queue.service';
[7m  [0m [91m                   
             
~~~~~~~~~~~~~~~~~~~~~~~~~~~~~~~[0m
[96mold_zeus.ts[0m:[93m190[0m:
[93m21[0m - [91merror[0m[90m 
TS2353: [0mObject literal may 
only specify known properties, and 
'userId' does not exist in type 
'ZeusUserConfig'.

[7m190[0m                     
userId: userId,
[7m   [0m [91m                  
  ~~~~~~[0m
[96mold_zeus.ts[0m:[93m218[0m:
[93m13[0m - [91merror[0m[90m 
TS2353: [0mObject literal may 
only specify known properties, and 
'userId' does not exist in type 
'ZeusUserState'.

[7m218[0m             userId,
[7m   [0m [91m            
~~~~~~[0m
[96mold_zeus.ts[0m:[93m260[0m:
[93m13[0m - [91merror[0m[90m 
TS2353: [0mObject literal may 
only specify known properties, and 
'userId' does not exist in type 
'ZeusUserConfig'.

[7m260[0m             userId: 
config.userId,
[7m   [0m [91m            
~~~~~~[0m
[96mold_zeus.ts[0m:[93m280[0m:
[93m33[0m - [91merror[0m[90m 
TS2339: [0mProperty 'isActive' 
does not exist on type 
'ZeusUserState'.

[7m280[0m             if (state 
&& !state.isActive) {
[7m   [0m [91m                  
              ~~~~~~~~[0m
[96mold_zeus.ts[0m:[93m281[0m:
[93m23[0m - [91merror[0m[90m 
TS2339: [0mProperty 'isActive' 
does not exist on type 
'ZeusUserState'.

[7m281[0m                 
state.isActive = true;
[7m   [0m [91m                  
    ~~~~~~~~[0m
[96mold_zeus.ts[0m:[93m290[0m:
[93m42[0m - [91merror[0m[90m 
TS2339: [0mProperty 
'dailyProfitTarget' does not exist 
on type 'ZeusUserConfig'.

[7m290[0m                 
profitTarget: 
ZeusConfig.dailyProfitTarget,
[7m   [0m [91m                  
                       
~~~~~~~~~~~~~~~~~[0m
[96mold_zeus.ts[0m:[93m292[0m:
[93m38[0m - [91merror[0m[90m 
TS2339: [0mProperty 
'dailyLossLimit' does not exist on 
type 'ZeusUserConfig'.

[7m292[0m                 
stopLoss: 
ZeusConfig.dailyLossLimit,
[7m   [0m [91m                  
                   
~~~~~~~~~~~~~~[0m
[96mold_zeus.ts[0m:[93m299[0m:
[93m42[0m - [91merror[0m[90m 
TS2339: [0mProperty 
'dailyProfitTarget' does not exist 
on type 'ZeusUserConfig'.

[7m299[0m                 
profitTarget: 
ZeusConfig.dailyProfitTarget,
[7m   [0m [91m                  
                       
~~~~~~~~~~~~~~~~~[0m
[96mold_zeus.ts[0m:[93m300[0m:
[93m38[0m - [91merror[0m[90m 
TS2339: [0mProperty 
'dailyLossLimit' does not exist on 
type 'ZeusUserConfig'.

[7m300[0m                 
stopLoss: 
ZeusConfig.dailyLossLimit,
[7m   [0m [91m                  
                   
~~~~~~~~~~~~~~[0m
[96mold_zeus.ts[0m:[93m315[0m:
[93m52[0m - [91merror[0m[90m 
TS2339: [0mProperty 'derivToken' 
does not exist on type 
'ZeusUserConfig'.

[7m315[0m             await this.
warmUpConnection(ZeusConfig.derivTo
ken);
[7m   [0m [91m                  
                                 
~~~~~~~~~~[0m
[96mold_zeus.ts[0m:[93m331[0m:
[93m38[0m - [91merror[0m[90m 
TS2339: [0mProperty 
'dailyProfitTarget' does not exist 
on type 'ZeusUserConfig'.

[7m331[0m             
profitTarget: 
ZeusConfig.dailyProfitTarget,
[7m   [0m [91m                  
                   
~~~~~~~~~~~~~~~~~[0m
[96mold_zeus.ts[0m:[93m332[0m:
[93m34[0m - [91merror[0m[90m 
TS2339: [0mProperty 
'dailyLossLimit' does not exist on 
type 'ZeusUserConfig'.

[7m332[0m             stopLoss: 
ZeusConfig.dailyLossLimit,
[7m   [0m [91m                  
               ~~~~~~~~~~~~~~[0m
[96mold_zeus.ts[0m:[93m339[0m:
[93m38[0m - [91merror[0m[90m 
TS2339: [0mProperty 
'dailyProfitTarget' does not exist 
on type 'ZeusUserConfig'.

[7m339[0m             
profitTarget: 
ZeusConfig.dailyProfitTarget,
[7m   [0m [91m                  
                   
~~~~~~~~~~~~~~~~~[0m
[96mold_zeus.ts[0m:[93m340[0m:
[93m34[0m - [91merror[0m[90m 
TS2339: [0mProperty 
'dailyLossLimit' does not exist on 
type 'ZeusUserConfig'.

[7m340[0m             stopLoss: 
ZeusConfig.dailyLossLimit,
[7m   [0m [91m                  
               ~~~~~~~~~~~~~~[0m
[96mold_zeus.ts[0m:[93m345[0m:
[93m87[0m - [91merror[0m[90m 
TS2339: [0mProperty 'symbol' does 
not exist on type 'ZeusUserConfig'.

[7m345[0m         
this.logger.log(`[Zeus] ├ö┬ú├á 
UsuÔö£├¡rio ${userId} ativado | 
Symbol: ${ZeusConfig.symbol} | 
Total configs: 
${this.userConfigs.size}`);
[7m   [0m [91m                  
                                   
                                 
~~~~~~[0m
[96mold_zeus.ts[0m:[93m378[0m:
[93m39[0m - [91merror[0m[90m 
TS2339: [0mProperty 'symbol' does 
not exist on type 'ZeusUserConfig'.

[7m378[0m             if 
(tickSymbol === config.symbol) {
[7m   [0m [91m                  
                    ~~~~~~[0m
[96mold_zeus.ts[0m:[93m395[0m:
[93m41[0m - [91merror[0m[90m 
TS2339: [0mProperty 'isActive' 
does not exist on type 
'ZeusUserState'.

[7m395[0m         if (!config || 
!state || !state.isActive) {
[7m   [0m [91m                  
                      ~~~~~~~~[0m
[96mold_zeus.ts[0m:[93m732[0m:
[93m41[0m - [91merror[0m[90m 
TS2339: [0mProperty 'isActive' 
does not exist on type 
'ZeusUserState'.

[7m732[0m         if (!config || 
!state || !state.isActive) {
[7m   [0m [91m                  
                      ~~~~~~~~[0m
[96mold_zeus.ts[0m:[93m742[0m:
[93m40[0m - [91merror[0m[90m 
TS2339: [0mProperty 
'dailyProfitTarget' does not exist 
on type 'ZeusUserConfig'.

[7m742[0m         if 
(state.lucroAtual >= 
config.dailyProfitTarget) {
[7m   [0m [91m                  
                     
~~~~~~~~~~~~~~~~~[0m
[96mold_zeus.ts[0m:[93m976[0m:
[93m43[0m - [91merror[0m[90m 
TS2339: [0mProperty 
'initialStake' does not exist on 
type 'ZeusUserConfig'.

[7m976[0m                 const 
sorosStake = config.initialStake + 
(state.lastProfit > 0 ? 
state.lastProfit : 0);
[7m   [0m [91m                  
                        
~~~~~~~~~~~~[0m
[96mold_zeus.ts[0m:[93m977[0m:
[93m84[0m - [91merror[0m[90m 
TS2339: [0mProperty 
'initialStake' does not exist on 
type 'ZeusUserConfig'.

[7m977[0m                 
this.logger.log(`[Zeus][${userId}] 
┬¡ãÆ├£├ç CALCULANDO SOROS: 
${config.initialStake.toFixed(2)} 
+ ${state.lastProfit.toFixed(2)} = 
${sorosStake.toFixed(2)}`);
[7m   [0m [91m                  
                                   
                              
~~~~~~~~~~~~[0m
[96mold_zeus.ts[0m:[93m980[0m:
[93m27[0m - [91merror[0m[90m 
TS2339: [0mProperty 
'initialStake' does not exist on 
type 'ZeusUserConfig'.

[7m980[0m             return 
config.initialStake;
[7m   [0m [91m                  
        ~~~~~~~~~~~~[0m
[96mold_zeus.ts[0m:[93m1000[0m:
[93m27[0m - [91merror[0m[90m 
TS2339: [0mProperty 
'initialStake' does not exist on 
type 'ZeusUserConfig'.

[7m1000[0m             return 
config.initialStake;
[7m    [0m [91m                 
         ~~~~~~~~~~~~[0m
[96mold_zeus.ts[0m:[93m1043[0m:
[93m39[0m - [91merror[0m[90m 
TS2339: [0mProperty 
'dailyLossLimit' does not exist on 
type 'ZeusUserConfig'.

[7m1043[0m         if 
(currentDrawdown >= 
config.dailyLossLimit) {
[7m    [0m [91m                 
                     
~~~~~~~~~~~~~~[0m
[96mold_zeus.ts[0m:[93m1048[0m:
[93m46[0m - [91merror[0m[90m 
TS2339: [0mProperty 
'dailyLossLimit' does not exist on 
type 'ZeusUserConfig'.

[7m1048[0m         if 
(currentDrawdown + stake > 
config.dailyLossLimit) {
[7m    [0m [91m                 
                            
~~~~~~~~~~~~~~[0m
[96mold_zeus.ts[0m:[93m1049[0m:
[93m38[0m - [91merror[0m[90m 
TS2339: [0mProperty 
'dailyLossLimit' does not exist on 
type 'ZeusUserConfig'.

[7m1049[0m             const 
remaining = config.dailyLossLimit 
- currentDrawdown;
[7m    [0m [91m                 
                    
~~~~~~~~~~~~~~[0m
[96mold_zeus.ts[0m:[93m1061[0m:
[93m131[0m - [91merror[0m[90m 
TS2339: [0mProperty 
'dailyLossLimit' does not exist on 
type 'ZeusUserConfig'.

[7m1061[0m                 
`Risco de ultrapassar Stop Loss! pe
rdas=${currentDrawdown.toFixed(2)},
 stake=${stake.toFixed(2)}, limite=
${config.dailyLossLimit.toFixed(2)}
. Ajustando para 
${adjustedStake.toFixed(2)}`);
[7m    [0m [91m                 
                                   
                                   
                                   
        ~~~~~~~~~~~~~~[0m
[96mold_zeus.ts[0m:[93m1075[0m:
[93m48[0m - [91merror[0m[90m 
TS2339: [0mProperty 
'dailyProfitTarget' does not exist 
on type 'ZeusUserConfig'.

[7m1075[0m                 if 
(state.lucroAtual >= 
config.dailyProfitTarget * 0.40) {
[7m    [0m [91m                 
                              
~~~~~~~~~~~~~~~~~[0m
[96mold_zeus.ts[0m:[93m1103[0m:
[93m27[0m - [91merror[0m[90m 
TS2339: [0mProperty 'isActive' 
does not exist on type 
'ZeusUserState'.

[7m1103[0m                     
state.isActive = false; // Pausa 
em memÔö£Ôöéria
[7m    [0m [91m                 
         ~~~~~~~~[0m
[96mold_zeus.ts[0m:[93m1183[0m:
[93m59[0m - [91merror[0m[90m 
TS2339: [0mProperty 
'initialStake' does not exist on 
type 'ZeusUserConfig'.

[7m1183[0m                     
stakeAmount: decision.stake || 
config.initialStake,
[7m    [0m [91m                 
                                   
      ~~~~~~~~~~~~[0m
[96mold_zeus.ts[0m:[93m1194[0m:
[93m24[0m - [91merror[0m[90m 
TS2339: [0mProperty 'derivToken' 
does not exist on type 
'ZeusUserConfig'.

[7m1194[0m                 
config.derivToken,
[7m    [0m [91m                 
      ~~~~~~~~~~[0m
[96mold_zeus.ts[0m:[93m1196[0m:
[93m24[0m - [91merror[0m[90m 
TS2339: [0mProperty 'symbol' does 
not exist on type 'ZeusUserConfig'.

[7m1196[0m                 
config.symbol,
[7m    [0m [91m                 
      ~~~~~~[0m
[96mold_zeus.ts[0m:[93m1197[0m:
[93m42[0m - [91merror[0m[90m 
TS2339: [0mProperty 
'initialStake' does not exist on 
type 'ZeusUserConfig'.

[7m1197[0m                 
decision.stake || 
config.initialStake,
[7m    [0m [91m                 
                        
~~~~~~~~~~~~[0m
[96mold_zeus.ts[0m:[93m1217[0m:
[93m100[0m - [91merror[0m[90m 
TS2339: [0mProperty 
'initialStake' does not exist on 
type 'ZeusUserConfig'.

[7m1217[0m                     
`├ö├£├¡ ENTRADA CONFIRMADA: 
${contractType} | Valor: 
$${(decision.stake || 
config.initialStake).toFixed(2)} | 
NÔö£┬ível: 
M${state.martingaleLevel}`,
[7m    [0m [91m                 
                                   
                                   
            ~~~~~~~~~~~~[0m
Found 147 error(s).

[96mold_zeus.ts[0m:[93m1584[0m:
[93m15[0m - [91merror[0m[90m 
TS2339: [0mProperty 
'operationsCount' does not exist 
on type 'ZeusUserState'.

[7m1584[0m         
state.operationsCount++;
[7m    [0m [91m              
~~~~~~~~~~~~~~~[0m
[96mold_zeus.ts[0m:[93m1587[0m:
[93m15[0m - [91merror[0m[90m 
TS2339: [0mProperty 
'currentProfit' does not exist on 
type 'ZeusUserState'.

[7m1587[0m         
state.currentProfit = 
state.lucroAtual > 0 ? 
state.lucroAtual : 0;
[7m    [0m [91m              
~~~~~~~~~~~~~[0m
[96mold_zeus.ts[0m:[93m1588[0m:
[93m15[0m - [91merror[0m[90m 
TS2339: [0mProperty 'currentLoss' 
does not exist on type 
'ZeusUserState'.

[7m1588[0m         
state.currentLoss = 
state.lucroAtual < 0 ? 
Math.abs(state.lucroAtual) : 0;
[7m    [0m [91m              
~~~~~~~~~~~[0m
[96mold_zeus.ts[0m:[93m1612[0m:
[93m40[0m - [91merror[0m[90m 
TS2339: [0mProperty 
'dailyProfitTarget' does not exist 
on type 'ZeusUserConfig'.

[7m1612[0m         if 
(state.lucroAtual >= 
config.dailyProfitTarget) {
[7m    [0m [91m                 
                      
~~~~~~~~~~~~~~~~~[0m
[96mold_zeus.ts[0m:[93m1614[0m:
[93m48[0m - [91merror[0m[90m 
TS2339: [0mProperty 
'dailyLossLimit' does not exist on 
type 'ZeusUserConfig'.

[7m1614[0m         } else if 
(state.lucroAtual <= 
-config.dailyLossLimit) {
[7m    [0m [91m                 
                              
~~~~~~~~~~~~~~[0m
[96mold_zeus.ts[0m:[93m1636[0m:
[93m113[0m - [91merror[0m[90m 
TS2339: [0mProperty 
'dailyProfitTarget' does not exist 
on type 'ZeusUserConfig'.

[7m1636[0m                 
message = `META DE LUCRO ATINGIDA! 
daily_profit=${state.lucroAtual.toF
ixed(2)}, target=${config.dailyProf
itTarget.toFixed(2)}. Encerrando 
operaÔö£┬║Ôö£├ües.`;
[7m    [0m [91m                 
                                   
                                   
                         
~~~~~~~~~~~~~~~~~[0m
[96mold_zeus.ts[0m:[93m1640[0m:
[93m130[0m - [91merror[0m[90m 
TS2339: [0mProperty 
'dailyLossLimit' does not exist on 
type 'ZeusUserConfig'.

[7m1640[0m                 
message = `STOP LOSS ATINGIDO! 
daily_loss=${Math.abs(Math.min(0, 
state.lucroAtual)).toFixed(2)}, lim
ite=${config.dailyLossLimit.toFixed
(2)}. Encerrando 
operaÔö£┬║Ôö£├ües.`;
[7m    [0m [91m                 
                                   
                                   
                                   
       ~~~~~~~~~~~~~~[0m
[96mold_zeus.ts[0m:[93m1653[0m:
[93m15[0m - [91merror[0m[90m 
TS2339: [0mProperty 'isActive' 
does not exist on type 
'ZeusUserState'.

[7m1653[0m         
state.isActive = false;
[7m    [0m [91m              
~~~~~~~~[0m
[96mold_zeus.ts[0m:[93m1717[0m:
[93m28[0m - [91merror[0m[90m 
TS2339: [0mProperty 'symbol' does 
not exist on type 'ZeusUserConfig'.

[7m1717[0m                     
config.symbol || 'R_100',
[7m    [0m [91m                 
          ~~~~~~[0m
[96mold_zeus.ts[0m:[93m1868[0m:
[93m66[0m - [91merror[0m[90m 
TS2339: [0mProperty 'symbol' does 
not exist on type 'ZeusUserConfig'.

[7m1868[0m                 
details: { symbol: this.userConfigs
.get(userId)?.symbol || 'R_100' },
[7m    [0m [91m                 
                                   
             ~~~~~~[0m
[96mold_zeus.ts[0m:[93m1896[0m:
[93m27[0m - [91merror[0m[90m 
TS2339: [0mProperty 'userId' does 
not exist on type 'ZeusUserState'.

[7m1896[0m             userId: 
state.userId,
[7m    [0m [91m                 
         ~~~~~~[0m
[96mold_zeus.ts[0m:[93m1897[0m:
[93m29[0m - [91merror[0m[90m 
TS2339: [0mProperty 'isActive' 
does not exist on type 
'ZeusUserState'.

[7m1897[0m             isActive: 
state.isActive,
[7m    [0m [91m                 
           ~~~~~~~~[0m

