
> testes@0.0.1 build
> nest build

node.exe : [96msrc/aut
onomous-agent/strategie
s/zeus.strategy.ts[0m:
[93m909[0m:[93m61[0
m - 
[91merror[0m[90m 
TS2552: [0mCannot 
find name 'ZeusState'. 
Did you mean 
'ZeusStrategy'?
No C:\Program Files\nod
ejs\npm.ps1:29 
caractere:3
+   & $NODE_EXE 
$NPM_CLI_JS $args
+   ~~~~~~~~~~~~~~~~~~~
~~~~~~~~~~
    + CategoryInfo     
         : NotSpecifi  
  ed: ([96msrc/auto   
 no...'ZeusStrategy    
'?:String) [], Rem    
oteException
    + FullyQualifiedEr 
   rorId : NativeComm  
  andError
 

[7m909[0m     
private computeNextStak
e(config: 
ZeusUserConfig, state: 
ZeusState): number {
[7m   [0m [91m      
                       
                       
        ~~~~~~~~~[0m

  [96msrc/autonomous-a
gent/strategies/zeus.st
rategy.ts[0m:[93m193
[0m:[93m14[0m
    [7m193[0m export 
class ZeusStrategy 
implements IAutonomousA
gentStrategy, 
OnModuleInit {
    [7m   [0m [96m  
           
~~~~~~~~~~~~[0m
    'ZeusStrategy' is 
declared here.
[96msrc/autonomous-age
nt/strategies/zeus.stra
tegy.ts[0m:[93m1187[
0m:[93m74[0m - 
[91merror[0m[90m 
TS2552: [0mCannot 
find name 'ZeusState'. 
Did you mean 
'ZeusStrategy'?

[7m1187[0m     
private 
analyzeMarket(userId: 
string, config: 
ZeusUserConfig, state: 
ZeusState, ticks: 
Tick[], digits: 
number[]): 
MarketAnalysis | null {
[7m    [0m [91m     
                       
                       
                      
~~~~~~~~~[0m

  [96msrc/autonomous-a
gent/strategies/zeus.st
rategy.ts[0m:[93m193
[0m:[93m14[0m
    [7m193[0m export 
class ZeusStrategy 
implements IAutonomousA
gentStrategy, 
OnModuleInit {
    [7m   [0m [96m  
           
~~~~~~~~~~~~[0m
    'ZeusStrategy' is 
declared here.

Found 2 error(s).

