Testando todos os s├¡mbolos...
SUCESSO - Hist├│rico recebido: R_100
SUCESSO - Hist├│rico recebido: R_10
SUCESSO - Hist├│rico recebido: R_25
SUCESSO - Hist├│rico recebido: R_50
SUCESSO - Hist├│rico recebido: R_75
SUCESSO - Hist├│rico recebido: 1HZ10V
SUCESSO - Hist├│rico recebido: 1HZ25V
SUCESSO - Hist├│rico recebido: 1HZ50V
SUCESSO - Hist├│rico recebido: 1HZ75V
SUCESSO - Hist├│rico recebido: 1HZ100V
Resumo: 10 sucessos, 0 erros
