ancient_zeus.ts(11,8): error TS2307: Cannot find module './common.types' or its corresponding type declarations.
ancient_zeus.ts(12,35): error TS2307: Cannot find module '../../ai/ai.service' or its corresponding type declarations.
ancient_zeus.ts(13,33): error TS2307: Cannot find module '../../utils/log-queue.service' or its corresponding type declarations.
ancient_zeus.ts(190,21): error TS2353: Object literal may only specify known properties, and 'userId' does not exist in type 'ZeusUserConfig'.
ancient_zeus.ts(218,13): error TS2353: Object literal may only specify known properties, and 'userId' does not exist in type 'ZeusUserState'.
ancient_zeus.ts(260,13): error TS2353: Object literal may only specify known properties, and 'userId' does not exist in type 'ZeusUserConfig'.
ancient_zeus.ts(280,33): error TS2339: Property 'isActive' does not exist on type 'ZeusUserState'.
ancient_zeus.ts(281,23): error TS2339: Property 'isActive' does not exist on type 'ZeusUserState'.
ancient_zeus.ts(290,42): error TS2339: Property 'dailyProfitTarget' does not exist on type 'ZeusUserConfig'.
ancient_zeus.ts(292,38): error TS2339: Property 'dailyLossLimit' does not exist on type 'ZeusUserConfig'.
ancient_zeus.ts(299,42): error TS2339: Property 'dailyProfitTarget' does not exist on type 'ZeusUserConfig'.
ancient_zeus.ts(300,38): error TS2339: Property 'dailyLossLimit' does not exist on type 'ZeusUserConfig'.
ancient_zeus.ts(315,52): error TS2339: Property 'derivToken' does not exist on type 'ZeusUserConfig'.
ancient_zeus.ts(331,38): error TS2339: Property 'dailyProfitTarget' does not exist on type 'ZeusUserConfig'.
ancient_zeus.ts(332,34): error TS2339: Property 'dailyLossLimit' does not exist on type 'ZeusUserConfig'.
ancient_zeus.ts(339,38): error TS2339: Property 'dailyProfitTarget' does not exist on type 'ZeusUserConfig'.
ancient_zeus.ts(340,34): error TS2339: Property 'dailyLossLimit' does not exist on type 'ZeusUserConfig'.
ancient_zeus.ts(345,87): error TS2339: Property 'symbol' does not exist on type 'ZeusUserConfig'.
ancient_zeus.ts(378,39): error TS2339: Property 'symbol' does not exist on type 'ZeusUserConfig'.
ancient_zeus.ts(395,41): error TS2339: Property 'isActive' does not exist on type 'ZeusUserState'.
ancient_zeus.ts(732,41): error TS2339: Property 'isActive' does not exist on type 'ZeusUserState'.
ancient_zeus.ts(742,40): error TS2339: Property 'dailyProfitTarget' does not exist on type 'ZeusUserConfig'.
ancient_zeus.ts(976,43): error TS2339: Property 'initialStake' does not exist on type 'ZeusUserConfig'.
ancient_zeus.ts(977,84): error TS2339: Property 'initialStake' does not exist on type 'ZeusUserConfig'.
ancient_zeus.ts(980,27): error TS2339: Property 'initialStake' does not exist on type 'ZeusUserConfig'.
ancient_zeus.ts(1000,27): error TS2339: Property 'initialStake' does not exist on type 'ZeusUserConfig'.
ancient_zeus.ts(1043,39): error TS2339: Property 'dailyLossLimit' does not exist on type 'ZeusUserConfig'.
ancient_zeus.ts(1048,46): error TS2339: Property 'dailyLossLimit' does not exist on type 'ZeusUserConfig'.
ancient_zeus.ts(1049,38): error TS2339: Property 'dailyLossLimit' does not exist on type 'ZeusUserConfig'.
ancient_zeus.ts(1061,131): error TS2339: Property 'dailyLossLimit' does not exist on type 'ZeusUserConfig'.
ancient_zeus.ts(1075,48): error TS2339: Property 'dailyProfitTarget' does not exist on type 'ZeusUserConfig'.
ancient_zeus.ts(1103,27): error TS2339: Property 'isActive' does not exist on type 'ZeusUserState'.
ancient_zeus.ts(1183,59): error TS2339: Property 'initialStake' does not exist on type 'ZeusUserConfig'.
ancient_zeus.ts(1194,24): error TS2339: Property 'derivToken' does not exist on type 'ZeusUserConfig'.
ancient_zeus.ts(1196,24): error TS2339: Property 'symbol' does not exist on type 'ZeusUserConfig'.
ancient_zeus.ts(1197,42): error TS2339: Property 'initialStake' does not exist on type 'ZeusUserConfig'.
ancient_zeus.ts(1217,100): error TS2339: Property 'initialStake' does not exist on type 'ZeusUserConfig'.
ancient_zeus.ts(1584,15): error TS2339: Property 'operationsCount' does not exist on type 'ZeusUserState'.
ancient_zeus.ts(1587,15): error TS2339: Property 'currentProfit' does not exist on type 'ZeusUserState'.
ancient_zeus.ts(1588,15): error TS2339: Property 'currentLoss' does not exist on type 'ZeusUserState'.
ancient_zeus.ts(1612,40): error TS2339: Property 'dailyProfitTarget' does not exist on type 'ZeusUserConfig'.
ancient_zeus.ts(1614,48): error TS2339: Property 'dailyLossLimit' does not exist on type 'ZeusUserConfig'.
ancient_zeus.ts(1636,113): error TS2339: Property 'dailyProfitTarget' does not exist on type 'ZeusUserConfig'.
ancient_zeus.ts(1640,130): error TS2339: Property 'dailyLossLimit' does not exist on type 'ZeusUserConfig'.
ancient_zeus.ts(1653,15): error TS2339: Property 'isActive' does not exist on type 'ZeusUserState'.
ancient_zeus.ts(1717,28): error TS2339: Property 'symbol' does not exist on type 'ZeusUserConfig'.
ancient_zeus.ts(1868,66): error TS2339: Property 'symbol' does not exist on type 'ZeusUserConfig'.
ancient_zeus.ts(1896,27): error TS2339: Property 'userId' does not exist on type 'ZeusUserState'.
ancient_zeus.ts(1897,29): error TS2339: Property 'isActive' does not exist on type 'ZeusUserState'.
ancient_zeus_utf8.ts(11,8): error TS2307: Cannot find module './common.types' or its corresponding type declarations.
ancient_zeus_utf8.ts(12,35): error TS2307: Cannot find module '../../ai/ai.service' or its corresponding type declarations.
ancient_zeus_utf8.ts(13,33): error TS2307: Cannot find module '../../utils/log-queue.service' or its corresponding type declarations.
ancient_zeus_utf8.ts(190,21): error TS2353: Object literal may only specify known properties, and 'userId' does not exist in type 'ZeusUserConfig'.
ancient_zeus_utf8.ts(218,13): error TS2353: Object literal may only specify known properties, and 'userId' does not exist in type 'ZeusUserState'.
ancient_zeus_utf8.ts(260,13): error TS2353: Object literal may only specify known properties, and 'userId' does not exist in type 'ZeusUserConfig'.
ancient_zeus_utf8.ts(280,33): error TS2339: Property 'isActive' does not exist on type 'ZeusUserState'.
ancient_zeus_utf8.ts(281,23): error TS2339: Property 'isActive' does not exist on type 'ZeusUserState'.
ancient_zeus_utf8.ts(290,42): error TS2339: Property 'dailyProfitTarget' does not exist on type 'ZeusUserConfig'.
ancient_zeus_utf8.ts(292,38): error TS2339: Property 'dailyLossLimit' does not exist on type 'ZeusUserConfig'.
ancient_zeus_utf8.ts(299,42): error TS2339: Property 'dailyProfitTarget' does not exist on type 'ZeusUserConfig'.
ancient_zeus_utf8.ts(300,38): error TS2339: Property 'dailyLossLimit' does not exist on type 'ZeusUserConfig'.
ancient_zeus_utf8.ts(315,52): error TS2339: Property 'derivToken' does not exist on type 'ZeusUserConfig'.
ancient_zeus_utf8.ts(331,38): error TS2339: Property 'dailyProfitTarget' does not exist on type 'ZeusUserConfig'.
ancient_zeus_utf8.ts(332,34): error TS2339: Property 'dailyLossLimit' does not exist on type 'ZeusUserConfig'.
ancient_zeus_utf8.ts(339,38): error TS2339: Property 'dailyProfitTarget' does not exist on type 'ZeusUserConfig'.
ancient_zeus_utf8.ts(340,34): error TS2339: Property 'dailyLossLimit' does not exist on type 'ZeusUserConfig'.
ancient_zeus_utf8.ts(345,87): error TS2339: Property 'symbol' does not exist on type 'ZeusUserConfig'.
ancient_zeus_utf8.ts(378,39): error TS2339: Property 'symbol' does not exist on type 'ZeusUserConfig'.
ancient_zeus_utf8.ts(395,41): error TS2339: Property 'isActive' does not exist on type 'ZeusUserState'.
ancient_zeus_utf8.ts(732,41): error TS2339: Property 'isActive' does not exist on type 'ZeusUserState'.
ancient_zeus_utf8.ts(742,40): error TS2339: Property 'dailyProfitTarget' does not exist on type 'ZeusUserConfig'.
ancient_zeus_utf8.ts(976,43): error TS2339: Property 'initialStake' does not exist on type 'ZeusUserConfig'.
ancient_zeus_utf8.ts(977,84): error TS2339: Property 'initialStake' does not exist on type 'ZeusUserConfig'.
ancient_zeus_utf8.ts(980,27): error TS2339: Property 'initialStake' does not exist on type 'ZeusUserConfig'.
ancient_zeus_utf8.ts(1000,27): error TS2339: Property 'initialStake' does not exist on type 'ZeusUserConfig'.
ancient_zeus_utf8.ts(1043,39): error TS2339: Property 'dailyLossLimit' does not exist on type 'ZeusUserConfig'.
ancient_zeus_utf8.ts(1048,46): error TS2339: Property 'dailyLossLimit' does not exist on type 'ZeusUserConfig'.
ancient_zeus_utf8.ts(1049,38): error TS2339: Property 'dailyLossLimit' does not exist on type 'ZeusUserConfig'.
ancient_zeus_utf8.ts(1061,131): error TS2339: Property 'dailyLossLimit' does not exist on type 'ZeusUserConfig'.
ancient_zeus_utf8.ts(1075,48): error TS2339: Property 'dailyProfitTarget' does not exist on type 'ZeusUserConfig'.
ancient_zeus_utf8.ts(1103,27): error TS2339: Property 'isActive' does not exist on type 'ZeusUserState'.
ancient_zeus_utf8.ts(1183,59): error TS2339: Property 'initialStake' does not exist on type 'ZeusUserConfig'.
ancient_zeus_utf8.ts(1194,24): error TS2339: Property 'derivToken' does not exist on type 'ZeusUserConfig'.
ancient_zeus_utf8.ts(1196,24): error TS2339: Property 'symbol' does not exist on type 'ZeusUserConfig'.
ancient_zeus_utf8.ts(1197,42): error TS2339: Property 'initialStake' does not exist on type 'ZeusUserConfig'.
ancient_zeus_utf8.ts(1217,100): error TS2339: Property 'initialStake' does not exist on type 'ZeusUserConfig'.
ancient_zeus_utf8.ts(1584,15): error TS2339: Property 'operationsCount' does not exist on type 'ZeusUserState'.
ancient_zeus_utf8.ts(1587,15): error TS2339: Property 'currentProfit' does not exist on type 'ZeusUserState'.
ancient_zeus_utf8.ts(1588,15): error TS2339: Property 'currentLoss' does not exist on type 'ZeusUserState'.
ancient_zeus_utf8.ts(1612,40): error TS2339: Property 'dailyProfitTarget' does not exist on type 'ZeusUserConfig'.
ancient_zeus_utf8.ts(1614,48): error TS2339: Property 'dailyLossLimit' does not exist on type 'ZeusUserConfig'.
ancient_zeus_utf8.ts(1636,113): error TS2339: Property 'dailyProfitTarget' does not exist on type 'ZeusUserConfig'.
ancient_zeus_utf8.ts(1640,130): error TS2339: Property 'dailyLossLimit' does not exist on type 'ZeusUserConfig'.
ancient_zeus_utf8.ts(1653,15): error TS2339: Property 'isActive' does not exist on type 'ZeusUserState'.
ancient_zeus_utf8.ts(1717,28): error TS2339: Property 'symbol' does not exist on type 'ZeusUserConfig'.
ancient_zeus_utf8.ts(1868,66): error TS2339: Property 'symbol' does not exist on type 'ZeusUserConfig'.
ancient_zeus_utf8.ts(1896,27): error TS2339: Property 'userId' does not exist on type 'ZeusUserState'.
ancient_zeus_utf8.ts(1897,29): error TS2339: Property 'isActive' does not exist on type 'ZeusUserState'.
old_zeus.ts(11,8): error TS2307: Cannot find module './common.types' or its corresponding type declarations.
old_zeus.ts(12,35): error TS2307: Cannot find module '../../ai/ai.service' or its corresponding type declarations.
old_zeus.ts(13,33): error TS2307: Cannot find module '../../utils/log-queue.service' or its corresponding type declarations.
old_zeus.ts(190,21): error TS2353: Object literal may only specify known properties, and 'userId' does not exist in type 'ZeusUserConfig'.
old_zeus.ts(218,13): error TS2353: Object literal may only specify known properties, and 'userId' does not exist in type 'ZeusUserState'.
old_zeus.ts(260,13): error TS2353: Object literal may only specify known properties, and 'userId' does not exist in type 'ZeusUserConfig'.
old_zeus.ts(280,33): error TS2339: Property 'isActive' does not exist on type 'ZeusUserState'.
old_zeus.ts(281,23): error TS2339: Property 'isActive' does not exist on type 'ZeusUserState'.
old_zeus.ts(290,42): error TS2339: Property 'dailyProfitTarget' does not exist on type 'ZeusUserConfig'.
old_zeus.ts(292,38): error TS2339: Property 'dailyLossLimit' does not exist on type 'ZeusUserConfig'.
old_zeus.ts(299,42): error TS2339: Property 'dailyProfitTarget' does not exist on type 'ZeusUserConfig'.
old_zeus.ts(300,38): error TS2339: Property 'dailyLossLimit' does not exist on type 'ZeusUserConfig'.
old_zeus.ts(315,52): error TS2339: Property 'derivToken' does not exist on type 'ZeusUserConfig'.
old_zeus.ts(331,38): error TS2339: Property 'dailyProfitTarget' does not exist on type 'ZeusUserConfig'.
old_zeus.ts(332,34): error TS2339: Property 'dailyLossLimit' does not exist on type 'ZeusUserConfig'.
old_zeus.ts(339,38): error TS2339: Property 'dailyProfitTarget' does not exist on type 'ZeusUserConfig'.
old_zeus.ts(340,34): error TS2339: Property 'dailyLossLimit' does not exist on type 'ZeusUserConfig'.
old_zeus.ts(345,87): error TS2339: Property 'symbol' does not exist on type 'ZeusUserConfig'.
old_zeus.ts(378,39): error TS2339: Property 'symbol' does not exist on type 'ZeusUserConfig'.
old_zeus.ts(395,41): error TS2339: Property 'isActive' does not exist on type 'ZeusUserState'.
old_zeus.ts(732,41): error TS2339: Property 'isActive' does not exist on type 'ZeusUserState'.
old_zeus.ts(742,40): error TS2339: Property 'dailyProfitTarget' does not exist on type 'ZeusUserConfig'.
old_zeus.ts(976,43): error TS2339: Property 'initialStake' does not exist on type 'ZeusUserConfig'.
old_zeus.ts(977,84): error TS2339: Property 'initialStake' does not exist on type 'ZeusUserConfig'.
old_zeus.ts(980,27): error TS2339: Property 'initialStake' does not exist on type 'ZeusUserConfig'.
old_zeus.ts(1000,27): error TS2339: Property 'initialStake' does not exist on type 'ZeusUserConfig'.
old_zeus.ts(1043,39): error TS2339: Property 'dailyLossLimit' does not exist on type 'ZeusUserConfig'.
old_zeus.ts(1048,46): error TS2339: Property 'dailyLossLimit' does not exist on type 'ZeusUserConfig'.
old_zeus.ts(1049,38): error TS2339: Property 'dailyLossLimit' does not exist on type 'ZeusUserConfig'.
old_zeus.ts(1061,131): error TS2339: Property 'dailyLossLimit' does not exist on type 'ZeusUserConfig'.
old_zeus.ts(1075,48): error TS2339: Property 'dailyProfitTarget' does not exist on type 'ZeusUserConfig'.
old_zeus.ts(1103,27): error TS2339: Property 'isActive' does not exist on type 'ZeusUserState'.
old_zeus.ts(1183,59): error TS2339: Property 'initialStake' does not exist on type 'ZeusUserConfig'.
old_zeus.ts(1194,24): error TS2339: Property 'derivToken' does not exist on type 'ZeusUserConfig'.
old_zeus.ts(1196,24): error TS2339: Property 'symbol' does not exist on type 'ZeusUserConfig'.
old_zeus.ts(1197,42): error TS2339: Property 'initialStake' does not exist on type 'ZeusUserConfig'.
old_zeus.ts(1217,100): error TS2339: Property 'initialStake' does not exist on type 'ZeusUserConfig'.
old_zeus.ts(1584,15): error TS2339: Property 'operationsCount' does not exist on type 'ZeusUserState'.
old_zeus.ts(1587,15): error TS2339: Property 'currentProfit' does not exist on type 'ZeusUserState'.
old_zeus.ts(1588,15): error TS2339: Property 'currentLoss' does not exist on type 'ZeusUserState'.
old_zeus.ts(1612,40): error TS2339: Property 'dailyProfitTarget' does not exist on type 'ZeusUserConfig'.
old_zeus.ts(1614,48): error TS2339: Property 'dailyLossLimit' does not exist on type 'ZeusUserConfig'.
old_zeus.ts(1636,113): error TS2339: Property 'dailyProfitTarget' does not exist on type 'ZeusUserConfig'.
old_zeus.ts(1640,130): error TS2339: Property 'dailyLossLimit' does not exist on type 'ZeusUserConfig'.
old_zeus.ts(1653,15): error TS2339: Property 'isActive' does not exist on type 'ZeusUserState'.
old_zeus.ts(1717,28): error TS2339: Property 'symbol' does not exist on type 'ZeusUserConfig'.
old_zeus.ts(1868,66): error TS2339: Property 'symbol' does not exist on type 'ZeusUserConfig'.
old_zeus.ts(1896,27): error TS2339: Property 'userId' does not exist on type 'ZeusUserState'.
old_zeus.ts(1897,29): error TS2339: Property 'isActive' does not exist on type 'ZeusUserState'.
